// Jest Snapshot v1, https://goo.gl/fbAQLP

exports[`<Broadcast /> renders correctly 1`] = `
<DocumentFragment>
  <div
    class="css-12erdbu"
  >
    <div
      class="css-zbihu4"
    >
      Broadcast
    </div>
    <div
      class="css-1vv9c89"
    >
      <div
        class="css-0"
      >
        <div
          class="css-70qvj9"
        >
          <svg
            class="chakra-icon css-1a87sgk"
            fill="currentColor"
            focusable="false"
            height="4"
            viewBox="0 0 256 256"
            width="4"
            xmlns="http://www.w3.org/2000/svg"
          >
            <path
              d="M128,24A104,104,0,1,0,232,128,104.11,104.11,0,0,0,128,24Zm0,192a88,88,0,1,1,88-88A88.1,88.1,0,0,1,128,216Zm64-88a8,8,0,0,1-8,8H128a8,8,0,0,1-8-8V72a8,8,0,0,1,16,0v48h48A8,8,0,0,1,192,128Z"
            />
          </svg>
          <span
            class="chakra-text css-nvxyq8"
          >
            2 years ago
          </span>
        </div>
      </div>
    </div>
  </div>
</DocumentFragment>
`;
