// Jest Snapshot v1, https://goo.gl/fbAQLP

exports[`DesktopNav should render correctly 1`] = `
<DocumentFragment>
  <div
    class="chakra-stack css-1o2h1ld"
  >
    <div
      class="css-15159ky"
    >
      <div
        aria-controls="popover-content-:r1:"
        aria-expanded="false"
        aria-haspopup="dialog"
        class="css-1dc63cv"
        id="popover-trigger-:r1:"
      >
        <a
          class="css-qrie7s"
          href="#"
        >
          Sample Item 1
        </a>
        <svg
          class="chakra-icon css-ys7se3"
          fill="currentColor"
          focusable="false"
          height="3"
          stroke="currentColor"
          stroke-width="0"
          viewBox="0 0 16 16"
          width="3"
          xmlns="http://www.w3.org/2000/svg"
        >
          <path
            d="M1.646 4.646a.5.5 0 0 1 .708 0L8 10.293l5.646-5.647a.5.5 0 0 1 .708.708l-6 6a.5.5 0 0 1-.708 0l-6-6a.5.5 0 0 1 0-.708z"
            fill-rule="evenodd"
          />
        </svg>
      </div>
      <div
        class="chakra-popover__popper css-0"
        style="visibility: hidden; position: absolute; min-width: max-content; inset: 0 auto auto 0;"
      >
        <section
          class="chakra-popover__content css-ztk6kg"
          id="popover-content-:r1:"
          role="tooltip"
          style="transform-origin: var(--popper-transform-origin); opacity: 0; visibility: hidden; transform: scale(0.95) translateZ(0);"
          tabindex="-1"
        />
      </div>
    </div>
    <div
      class="css-15159ky"
    >
      <div
        aria-controls="popover-content-:r3:"
        aria-expanded="false"
        aria-haspopup="dialog"
        class="css-1dc63cv"
        id="popover-trigger-:r3:"
      >
        <a
          class="css-kk07nh"
          href="#"
        >
          Sample Item 2
        </a>
      </div>
    </div>
  </div>
</DocumentFragment>
`;
